// Jest Snapshot v1, https://goo.gl/fbAQLP

exports[`debe mostrar el componente <GifGrid /> correctamente debe mostrar <GifGrid /> corractamente 1`] = `
<Fragment>
  <h3
    className="animate__animated animate__fadeIn animate__delay-1s"
  >
    My Hero Academia
  </h3>
  <p
    className="animate__animated animate__flash"
  >
    Loading
  </p>
  <div
    className="card-grid"
  />
</Fragment>
`;
